03:29:25.907 [restartedMain] INFO  com.lgyf.demo.DemoApplication - Starting DemoApplication using Java 1.8.0_201 on LAPTOP-3CIHDV96 with PID 8292 (D:\ruanwuyang\taozhuang\kameng\demo\pay2.0\target\classes started by ruan in D:\ruanwuyang\taozhuang\kameng\demo\pay2.0)
03:29:25.910 [restartedMain] DEBUG com.lgyf.demo.DemoApplication - Running with Spring Boot v2.5.0, Spring v5.3.7
03:29:25.911 [restartedMain] INFO  com.lgyf.demo.DemoApplication - No active profile set, falling back to default profiles: default
03:29:25.978 [restartedMain] INFO  o.s.b.d.e.DevToolsPropertyDefaultsPostProcessor - Devtools property defaults active! Set 'spring.devtools.add-properties' to 'false' to disable
03:29:25.978 [restartedMain] INFO  o.s.b.d.e.DevToolsPropertyDefaultsPostProcessor - For additional web related logging consider setting the 'logging.level.web' property to 'DEBUG'
03:29:27.039 [restartedMain] INFO  o.s.d.r.c.RepositoryConfigurationDelegate - Bootstrapping Spring Data JPA repositories in DEFAULT mode.
03:29:27.064 [restartedMain] INFO  o.s.d.r.c.RepositoryConfigurationDelegate - Finished Spring Data repository scanning in 13 ms. Found 0 JPA repository interfaces.
03:29:27.192 [restartedMain] DEBUG org.apache.ibatis.logging.LogFactory - Logging initialized using 'class org.apache.ibatis.logging.slf4j.Slf4jImpl' adapter.
03:29:27.198 [restartedMain] DEBUG o.m.spring.mapper.ClassPathMapperScanner - Identified candidate component class: file [D:\ruanwuyang\taozhuang\kameng\demo\pay2.0\target\classes\com\lgyf\demo\dao\AgentDao.class]
03:29:27.198 [restartedMain] DEBUG o.m.spring.mapper.ClassPathMapperScanner - Identified candidate component class: file [D:\ruanwuyang\taozhuang\kameng\demo\pay2.0\target\classes\com\lgyf\demo\dao\AgentRimDao.class]
03:29:27.200 [restartedMain] DEBUG o.m.spring.mapper.ClassPathMapperScanner - Creating MapperFactoryBean with name 'agentDao' and 'com.lgyf.demo.dao.AgentDao' mapperInterface
03:29:27.200 [restartedMain] DEBUG o.m.spring.mapper.ClassPathMapperScanner - Enabling autowire by type for MapperFactoryBean with name 'agentDao'.
03:29:27.200 [restartedMain] DEBUG o.m.spring.mapper.ClassPathMapperScanner - Creating MapperFactoryBean with name 'agentRimDao' and 'com.lgyf.demo.dao.AgentRimDao' mapperInterface
03:29:27.200 [restartedMain] DEBUG o.m.spring.mapper.ClassPathMapperScanner - Enabling autowire by type for MapperFactoryBean with name 'agentRimDao'.
03:29:27.465 [restartedMain] INFO  o.s.c.s.PostProcessorRegistrationDelegate$BeanPostProcessorChecker - Bean 'management.metrics-org.springframework.boot.actuate.autoconfigure.metrics.MetricsProperties' of type [org.springframework.boot.actuate.autoconfigure.metrics.MetricsProperties] is not eligible for getting processed by all BeanPostProcessors (for example: not eligible for auto-proxying)
03:29:27.465 [restartedMain] INFO  o.s.c.s.PostProcessorRegistrationDelegate$BeanPostProcessorChecker - Bean 'org.springframework.boot.actuate.autoconfigure.metrics.data.RepositoryMetricsAutoConfiguration' of type [org.springframework.boot.actuate.autoconfigure.metrics.data.RepositoryMetricsAutoConfiguration] is not eligible for getting processed by all BeanPostProcessors (for example: not eligible for auto-proxying)
03:29:27.466 [restartedMain] INFO  o.s.c.s.PostProcessorRegistrationDelegate$BeanPostProcessorChecker - Bean 'org.springframework.boot.actuate.autoconfigure.metrics.export.simple.SimpleMetricsExportAutoConfiguration' of type [org.springframework.boot.actuate.autoconfigure.metrics.export.simple.SimpleMetricsExportAutoConfiguration] is not eligible for getting processed by all BeanPostProcessors (for example: not eligible for auto-proxying)
03:29:27.468 [restartedMain] INFO  o.s.c.s.PostProcessorRegistrationDelegate$BeanPostProcessorChecker - Bean 'management.metrics.export.simple-org.springframework.boot.actuate.autoconfigure.metrics.export.simple.SimpleProperties' of type [org.springframework.boot.actuate.autoconfigure.metrics.export.simple.SimpleProperties] is not eligible for getting processed by all BeanPostProcessors (for example: not eligible for auto-proxying)
03:29:27.471 [restartedMain] INFO  o.s.c.s.PostProcessorRegistrationDelegate$BeanPostProcessorChecker - Bean 'simpleConfig' of type [org.springframework.boot.actuate.autoconfigure.metrics.export.simple.SimplePropertiesConfigAdapter] is not eligible for getting processed by all BeanPostProcessors (for example: not eligible for auto-proxying)
03:29:27.474 [restartedMain] INFO  o.s.c.s.PostProcessorRegistrationDelegate$BeanPostProcessorChecker - Bean 'org.springframework.boot.actuate.autoconfigure.metrics.MetricsAutoConfiguration' of type [org.springframework.boot.actuate.autoconfigure.metrics.MetricsAutoConfiguration] is not eligible for getting processed by all BeanPostProcessors (for example: not eligible for auto-proxying)
03:29:27.475 [restartedMain] INFO  o.s.c.s.PostProcessorRegistrationDelegate$BeanPostProcessorChecker - Bean 'micrometerClock' of type [io.micrometer.core.instrument.Clock$1] is not eligible for getting processed by all BeanPostProcessors (for example: not eligible for auto-proxying)
03:29:27.493 [restartedMain] INFO  o.s.c.s.PostProcessorRegistrationDelegate$BeanPostProcessorChecker - Bean 'simpleMeterRegistry' of type [io.micrometer.core.instrument.simple.SimpleMeterRegistry] is not eligible for getting processed by all BeanPostProcessors (for example: not eligible for auto-proxying)
03:29:27.497 [restartedMain] INFO  o.s.c.s.PostProcessorRegistrationDelegate$BeanPostProcessorChecker - Bean 'repositoryTagsProvider' of type [org.springframework.boot.actuate.metrics.data.DefaultRepositoryTagsProvider] is not eligible for getting processed by all BeanPostProcessors (for example: not eligible for auto-proxying)
03:29:27.498 [restartedMain] INFO  o.s.c.s.PostProcessorRegistrationDelegate$BeanPostProcessorChecker - Bean 'metricsRepositoryMethodInvocationListener' of type [org.springframework.boot.actuate.metrics.data.MetricsRepositoryMethodInvocationListener] is not eligible for getting processed by all BeanPostProcessors (for example: not eligible for auto-proxying)
03:29:27.835 [restartedMain] INFO  o.s.b.w.embedded.tomcat.TomcatWebServer - Tomcat initialized with port(s): 8080 (http)
03:29:27.846 [restartedMain] INFO  o.apache.coyote.http11.Http11NioProtocol - Initializing ProtocolHandler ["http-nio-8080"]
03:29:27.847 [restartedMain] INFO  org.apache.catalina.core.StandardService - Starting service [Tomcat]
03:29:27.847 [restartedMain] INFO  org.apache.catalina.core.StandardEngine - Starting Servlet engine: [Apache Tomcat/9.0.46]
03:29:27.963 [restartedMain] INFO  o.a.c.c.C.[Tomcat].[localhost].[/] - Initializing Spring embedded WebApplicationContext
03:29:27.963 [restartedMain] INFO  o.s.b.w.s.c.ServletWebServerApplicationContext - Root WebApplicationContext: initialization completed in 1983 ms
03:29:28.095 [restartedMain] INFO  c.a.d.s.b.a.DruidDataSourceAutoConfigure - Init DruidDataSource
03:29:28.279 [restartedMain] INFO  com.alibaba.druid.pool.DruidDataSource - {dataSource-1} inited
03:29:28.751 [restartedMain] INFO  o.hibernate.jpa.internal.util.LogHelper - HHH000204: Processing PersistenceUnitInfo [name: default]
03:29:28.805 [restartedMain] INFO  org.hibernate.Version - HHH000412: Hibernate ORM core version 5.4.31.Final
03:29:28.942 [restartedMain] INFO  org.hibernate.annotations.common.Version - HCANN000001: Hibernate Commons Annotations {5.1.2.Final}
03:29:29.086 [restartedMain] INFO  org.hibernate.dialect.Dialect - HHH000400: Using dialect: org.hibernate.dialect.MySQL57Dialect
03:29:29.260 [restartedMain] INFO  o.h.e.t.j.p.i.JtaPlatformInitiator - HHH000490: Using JtaPlatform implementation: [org.hibernate.engine.transaction.jta.platform.internal.NoJtaPlatform]
03:29:29.275 [restartedMain] INFO  o.s.o.j.LocalContainerEntityManagerFactoryBean - Initialized JPA EntityManagerFactory for persistence unit 'default'
03:29:31.026 [restartedMain] WARN  o.s.b.a.o.j.JpaBaseConfiguration$JpaWebConfiguration - spring.jpa.open-in-view is enabled by default. Therefore, database queries may be performed during view rendering. Explicitly configure spring.jpa.open-in-view to disable this warning
03:29:31.574 [restartedMain] INFO  o.s.b.d.a.OptionalLiveReloadServer - LiveReload server is running on port 35729
03:29:31.580 [restartedMain] INFO  o.s.b.a.e.web.EndpointLinksResolver - Exposing 1 endpoint(s) beneath base path '/actuator'
03:29:31.620 [restartedMain] INFO  o.apache.coyote.http11.Http11NioProtocol - Starting ProtocolHandler ["http-nio-8080"]
03:29:31.645 [restartedMain] INFO  o.s.b.w.embedded.tomcat.TomcatWebServer - Tomcat started on port(s): 8080 (http) with context path ''
03:29:31.662 [restartedMain] INFO  com.lgyf.demo.DemoApplication - Started DemoApplication in 6.548 seconds (JVM running for 8.925)
03:29:31.675 [restartedMain] INFO  o.s.b.a.ApplicationAvailabilityBean - Application availability state LivenessState changed to CORRECT
03:29:31.677 [restartedMain] INFO  o.s.b.a.ApplicationAvailabilityBean - Application availability state ReadinessState changed to ACCEPTING_TRAFFIC
03:29:32.594 [RMI TCP Connection(2)-192.168.152.1] INFO  o.a.c.c.C.[Tomcat].[localhost].[/] - Initializing Spring DispatcherServlet 'dispatcherServlet'
03:29:32.595 [RMI TCP Connection(2)-192.168.152.1] INFO  o.s.web.servlet.DispatcherServlet - Initializing Servlet 'dispatcherServlet'
03:29:32.596 [RMI TCP Connection(2)-192.168.152.1] INFO  o.s.web.servlet.DispatcherServlet - Completed initialization in 1 ms
03:30:02.313 [Thread-19] INFO  o.s.b.a.ApplicationAvailabilityBean - Application availability state ReadinessState changed from ACCEPTING_TRAFFIC to REFUSING_TRAFFIC
03:30:02.782 [Thread-19] INFO  o.s.o.j.LocalContainerEntityManagerFactoryBean - Closing JPA EntityManagerFactory for persistence unit 'default'
03:30:02.785 [Thread-19] INFO  com.alibaba.druid.pool.DruidDataSource - {dataSource-1} closing ...
03:30:02.791 [Thread-19] INFO  com.alibaba.druid.pool.DruidDataSource - {dataSource-1} closed
